// Jest Snapshot v1, https://goo.gl/fbAQLP

exports[`should test ConfigFormFortinet component 1`] = `
<Loader
  color="primary"
  size="lg"
  type="grow"
/>
`;
